# view

---

## Description

view

<details>
<summary><strong>Table Definition</strong></summary>

```sql
CREATE VIEW view AS SELECT a, b FROM a JOIN b ON a.a = b.b
```

</details>

## Columns

| Name | Type | Default | Nullable | Children | Parents | Comment |
| ---- | ---- | ------- | -------- | -------- | ------- | ------- |
| view_column | INTEGER |  | false |  |  | column of view |

## Referenced Tables

| Name | Columns | Comment | Type | Labels |
| ---- | ------- | ------- | ---- | ------ |
| [a](a.md) | 2 | TABLE A<br /><br />THIS IS TABLE A |  | `blue` `green` |
| [b](b.md) | 2 | table b |  | `red` `green` |

---

> Generated by [tbls](https://github.com/k1LoW/tbls)
