# testschema

---

## Tables

| # | Name | Columns | Comment | Type | Labels |
| - | ---- | ------- | ------- | ---- | ------ |
| 1 | [a](a.md) | 2 | TABLE A<br /><br />THIS IS TABLE A |  | `blue` `green` |
| 2 | [b](b.md) | 2 | table b |  | `red` `green` |
| 3 | [view](view.md) | 1 | view | VIEW |  |

---

> Generated by [tbls](https://github.com/k1LoW/tbls)
