<?xml version="1.0" encoding="UTF-8" standalone="no"?>
<!DOCTYPE svg PUBLIC "-//W3C//DTD SVG 1.1//EN"
 "http://www.w3.org/Graphics/SVG/1.1/DTD/svg11.dtd">
<!-- Generated by graphviz version 12.1.2 (20240928.0832)
 -->
<!-- Title: a Pages: 1 -->
<svg width="364pt" height="417pt"
 viewBox="0.00 0.00 364.14 417.20" xmlns="http://www.w3.org/2000/svg" xmlns:xlink="http://www.w3.org/1999/xlink">
<g id="graph0" class="graph" transform="scale(1 1) rotate(0) translate(4 413.2)">
<title>a</title>
<polygon fill="white" stroke="none" points="-4,4 -4,-413.2 360.14,-413.2 360.14,4 -4,4"/>
<!-- a -->
<g id="node1" class="node">
<title>a</title>
<polygon fill="#efefef" stroke="none" points="56.81,-107.8 56.81,-143.4 152.5,-143.4 152.5,-107.8 56.81,-107.8"/>
<polygon fill="none" stroke="black" points="56.81,-107.8 56.81,-143.4 152.5,-143.4 152.5,-107.8 56.81,-107.8"/>
<text text-anchor="start" x="81.21" y="-121.2" font-family="Arial Bold" font-size="18.00">a</text>
<text text-anchor="start" x="89.2" y="-121.2" font-family="Arial" font-size="14.00">    </text>
<text text-anchor="start" x="120.32" y="-121.2" font-family="Arial" font-size="14.00" fill="#666666">[]</text>
<polygon fill="none" stroke="black" points="56.81,-77 56.81,-107.8 152.5,-107.8 152.5,-77 56.81,-77"/>
<text text-anchor="start" x="63.81" y="-89.2" font-family="Arial" font-size="14.00">a </text>
<text text-anchor="start" x="75.49" y="-89.2" font-family="Arial" font-size="14.00" fill="#666666">[INTEGER]</text>
<polygon fill="none" stroke="black" points="56.81,-46.2 56.81,-77 152.5,-77 152.5,-46.2 56.81,-46.2"/>
<text text-anchor="start" x="63.81" y="-58.4" font-family="Arial" font-size="14.00">a2 </text>
<text text-anchor="start" x="83.28" y="-58.4" font-family="Arial" font-size="14.00" fill="#666666">[TEXT]</text>
<polygon fill="none" stroke="black" stroke-width="3" points="55.31,-44.7 55.31,-144.9 154,-144.9 154,-44.7 55.31,-44.7"/>
</g>
<!-- b -->
<g id="node2" class="node">
<title>b</title>
<polygon fill="#efefef" stroke="none" points="43.2,-330.4 43.2,-366 166.11,-366 166.11,-330.4 43.2,-330.4"/>
<polygon fill="none" stroke="black" points="43.2,-330.4 43.2,-366 166.11,-366 166.11,-330.4 43.2,-330.4"/>
<text text-anchor="start" x="80.71" y="-343.8" font-family="Arial Bold" font-size="18.00">b</text>
<text text-anchor="start" x="89.71" y="-343.8" font-family="Arial" font-size="14.00">    </text>
<text text-anchor="start" x="120.82" y="-343.8" font-family="Arial" font-size="14.00" fill="#666666">[]</text>
<polygon fill="none" stroke="black" points="43.2,-299.6 43.2,-330.4 166.11,-330.4 166.11,-299.6 43.2,-299.6"/>
<text text-anchor="start" x="50.2" y="-311.8" font-family="Arial" font-size="14.00">b    </text>
<text text-anchor="start" x="89.1" y="-311.8" font-family="Arial" font-size="14.00" fill="#666666">[INTEGER]</text>
<polygon fill="none" stroke="black" points="43.2,-268.8 43.2,-299.6 166.11,-299.6 166.11,-268.8 43.2,-268.8"/>
<text text-anchor="start" x="50.2" y="-281" font-family="Arial" font-size="14.00">b2    </text>
<text text-anchor="start" x="96.89" y="-281" font-family="Arial" font-size="14.00" fill="#666666">[TEXT]</text>
</g>
<!-- b&#45;&gt;a -->
<g id="edge1" class="edge">
<title>b:b&#45;&gt;a:a</title>
<path fill="none" stroke="black" d="M177.41,-314.15C265.13,-299.2 249.03,-92.4 153.5,-92.4"/>
<polygon fill="black" stroke="black" points="177.41,-314.15 167.07,-310.49 172.09,-314.59 167.78,-314.94 167.78,-314.94 167.78,-314.94 172.09,-314.59 167.81,-319.46 177.41,-314.15"/>
<text text-anchor="start" x="174.11" y="-325" font-family="Arial" font-size="10.00">FOREIGN KEY (b) REFERENCES a(a)</text>
</g>
</g>
</svg>
