<?xml version="1.0" encoding="UTF-8" standalone="no"?>
<!DOCTYPE svg PUBLIC "-//W3C//DTD SVG 1.1//EN"
 "http://www.w3.org/Graphics/SVG/1.1/DTD/svg11.dtd">
<!-- Generated by graphviz version 12.1.2 (20240928.0832)
 -->
<!-- Title: testschema Pages: 1 -->
<svg width="540pt" height="411pt"
 viewBox="0.00 0.00 539.80 411.20" xmlns="http://www.w3.org/2000/svg" xmlns:xlink="http://www.w3.org/1999/xlink">
<g id="graph0" class="graph" transform="scale(1 1) rotate(0) translate(4 407.2)">
<title>testschema</title>
<polygon fill="white" stroke="none" points="-4,4 -4,-407.2 535.8,-407.2 535.8,4 -4,4"/>
<!-- a -->
<g id="node1" class="node">
<title>a</title>
<polygon fill="#efefef" stroke="none" points="65.12,-104.8 65.12,-140.4 188.03,-140.4 188.03,-104.8 65.12,-104.8"/>
<polygon fill="none" stroke="black" points="65.12,-104.8 65.12,-140.4 188.03,-140.4 188.03,-104.8 65.12,-104.8"/>
<text text-anchor="start" x="103.13" y="-118.2" font-family="Arial Bold" font-size="18.00">a</text>
<text text-anchor="start" x="111.12" y="-118.2" font-family="Arial" font-size="14.00">    </text>
<text text-anchor="start" x="142.24" y="-118.2" font-family="Arial" font-size="14.00" fill="#666666">[]</text>
<polygon fill="none" stroke="black" points="65.12,-74 65.12,-104.8 188.03,-104.8 188.03,-74 65.12,-74"/>
<text text-anchor="start" x="72.12" y="-86.2" font-family="Arial" font-size="14.00">a    </text>
<text text-anchor="start" x="111.02" y="-86.2" font-family="Arial" font-size="14.00" fill="#666666">[INTEGER]</text>
<polygon fill="none" stroke="black" points="65.12,-43.2 65.12,-74 188.03,-74 188.03,-43.2 65.12,-43.2"/>
<text text-anchor="start" x="72.12" y="-55.4" font-family="Arial" font-size="14.00">a2    </text>
<text text-anchor="start" x="118.81" y="-55.4" font-family="Arial" font-size="14.00" fill="#666666">[TEXT]</text>
</g>
<!-- b -->
<g id="node2" class="node">
<title>b</title>
<polygon fill="#efefef" stroke="none" points="65.12,-324.4 65.12,-360 188.03,-360 188.03,-324.4 65.12,-324.4"/>
<polygon fill="none" stroke="black" points="65.12,-324.4 65.12,-360 188.03,-360 188.03,-324.4 65.12,-324.4"/>
<text text-anchor="start" x="102.63" y="-337.8" font-family="Arial Bold" font-size="18.00">b</text>
<text text-anchor="start" x="111.63" y="-337.8" font-family="Arial" font-size="14.00">    </text>
<text text-anchor="start" x="142.74" y="-337.8" font-family="Arial" font-size="14.00" fill="#666666">[]</text>
<polygon fill="none" stroke="black" points="65.12,-293.6 65.12,-324.4 188.03,-324.4 188.03,-293.6 65.12,-293.6"/>
<text text-anchor="start" x="72.12" y="-305.8" font-family="Arial" font-size="14.00">b    </text>
<text text-anchor="start" x="111.02" y="-305.8" font-family="Arial" font-size="14.00" fill="#666666">[INTEGER]</text>
<polygon fill="none" stroke="black" points="65.12,-262.8 65.12,-293.6 188.03,-293.6 188.03,-262.8 65.12,-262.8"/>
<text text-anchor="start" x="72.12" y="-275" font-family="Arial" font-size="14.00">b2    </text>
<text text-anchor="start" x="118.81" y="-275" font-family="Arial" font-size="14.00" fill="#666666">[TEXT]</text>
</g>
<!-- b&#45;&gt;a -->
<g id="edge1" class="edge">
<title>b:b&#45;&gt;a:a</title>
<path fill="none" stroke="black" d="M198.6,-305.9C237.59,-279.2 234.4,-89.4 189.03,-89.4"/>
<polygon fill="black" stroke="black" points="198.86,-305.81 187.96,-304.62 193.79,-307.46 189.67,-308.79 189.67,-308.79 189.67,-308.79 193.79,-307.46 190.74,-313.18 198.86,-305.81"/>
<text text-anchor="start" x="7" y="-319" font-family="Arial" font-size="10.00">FOREIGN KEY (b) REFERENCES a(a)</text>
</g>
<!-- view -->
<g id="node3" class="node">
<title>view</title>
<polygon fill="#efefef" stroke="none" points="292.55,-309 292.55,-344.6 488.6,-344.6 488.6,-309 292.55,-309"/>
<polygon fill="none" stroke="black" points="292.55,-309 292.55,-344.6 488.6,-344.6 488.6,-309 292.55,-309"/>
<text text-anchor="start" x="335.74" y="-322.4" font-family="Arial Bold" font-size="18.00">view</text>
<text text-anchor="start" x="370.73" y="-322.4" font-family="Arial" font-size="14.00">    </text>
<text text-anchor="start" x="401.85" y="-322.4" font-family="Arial" font-size="14.00" fill="#666666">[VIEW]</text>
<polygon fill="none" stroke="black" points="292.55,-278.2 292.55,-309 488.6,-309 488.6,-278.2 292.55,-278.2"/>
<text text-anchor="start" x="299.55" y="-290.4" font-family="Arial" font-size="14.00">view_column    </text>
<text text-anchor="start" x="411.59" y="-290.4" font-family="Arial" font-size="14.00" fill="#666666">[INTEGER]</text>
</g>
</g>
</svg>
